// Jest Snapshot v1, https://goo.gl/fbAQLP

exports[`renders 1 item 1`] = `
<div>
  <div>
    a
  </div>
</div>
`;

exports[`renders no item 1`] = `<div />`;
